mvn : Mockito is currently self-attaching to enable the inline-mock-maker. 
This will no longer work in future releases of the JDK. Please add Mockito as 
an agent to your build as described in Mockito's documentation: https://javadoc
.io/doc/org.mockito/mockito-core/latest/org.mockito/org/mockito/Mockito.html#0.
3
No linha:1 caractere:1
+ mvn test -q 2>&1 > test_output.txt ; Get-Content test_output.txt | Se ...
+ ~~~~~~~~~~~~~~~~~~~~~~~~~~~~~~~~~~
    + CategoryInfo          : NotSpecified: (Mockito is curr...ockito.html#0.3 
   :String) [], RemoteException
    + FullyQualifiedErrorId : NativeCommandError
 
WARNING: A Java agent has been loaded dynamically (C:\Users\mlcha\.m2\repositor
y\net\bytebuddy\byte-buddy-agent\1.17.8\byte-buddy-agent-1.17.8.jar)
WARNING: If a serviceability tool is in use, please run with 
-XX:+EnableDynamicAgentLoading to hide this warning
WARNING: If a serviceability tool is not in use, please run with 
-Djdk.instrument.traceUsage for more information
WARNING: Dynamic loading of agents will be disallowed by default in a future 
release
Java HotSpot(TM) 64-Bit Server VM warning: Sharing is only supported for boot 
loader classes because bootstrap classpath has been appended
17:05:53.638 [main] WARN com.contextapi.services.AiService -- Test Provider provider not configured, skipping AI completion
17:05:53.652 [main] WARN com.contextapi.services.AiService -- null provider not configured, skipping AI completion
17:05:53.832 [main] INFO com.contextapi.services.ContextService -- Context created successfully with id: 1
17:05:53.843 [main] INFO com.contextapi.services.ContextService -- Context created successfully with id: 1
17:05:53.846 [main] INFO com.contextapi.services.ContextService -- Context created successfully with id: 1
17:05:53.866 [main] INFO com.contextapi.services.ContextService -- Context deleted successfully with id: 1
17:05:53.874 [main] INFO com.contextapi.services.ContextService -- Context updated successfully with id: 1
17:05:53.891 [main] INFO com.contextapi.services.ContextService -- Context updated successfully with id: 1
